// Jest Snapshot v1, https://goo.gl/fbAQLP

exports[`SelectView component working should SelectView fragment match snapshot 1`] = `
<DocumentFragment>
  <div
    class="select"
  >
    <select
      id="view"
      name="view"
    >
      <option
        value="TABLE"
      >
        TABLE
      </option>
      <option
        value="CARDS"
      >
        CARDS
      </option>
    </select>
  </div>
</DocumentFragment>
`;
